{"level":"info","time":"2026-08-16T14:21:14Z","message":"Thank you for trying Cloudflare Tunnel. Doing so, without a Cloudflare account, is a quick way to experiment and try it out. However, be aware that these account-less Tunnels have no uptime guarantee, are subject to the Cloudflare Online Services Terms of Use (https://www.cloudflare.com/website-terms/), and Cloudflare reserves the right to investigate your use of Tunnels for violations of such terms. If you intend to use Tunnels in production you should use a pre-created named tunnel by following: https://developers.cloudflare.com/cloudflare-one/connections/connect-apps"}
{"level":"info","time":"2026-08-16T14:21:14Z","message":"Requesting new quick Tunnel on trycloudflare.com..."}
{"level":"info","time":"2026-08-16T14:21:20Z","message":"+--------------------------------------------------------------------------------------------+"}
{"level":"info","time":"2026-08-16T14:21:20Z","message":"|  Your quick Tunnel has been created! Visit it at (it may take some time to be reachable):  |"}
{"level":"info","time":"2026-08-16T14:21:20Z","message":"|  https://look-resolved-bluetooth-situations.trycloudflare.com                              |"}
{"level":"info","time":"2026-08-16T14:21:20Z","message":"+--------------------------------------------------------------------------------------------+"}
{"level":"info","time":"2026-08-16T14:21:20Z","message":"Cannot determine default configuration path. No file [config.yml config.yaml] in [~/.cloudflared ~/.cloudflare-warp ~/cloudflare-warp]"}
{"level":"info","time":"2026-08-16T14:21:20Z","message":"Version 2026.7.3 (Checksum 8635da433b6df8194746e88ed9d2589566c20e38bfc2a80e431a348b7c765841)"}
{"level":"info","time":"2026-08-16T14:21:20Z","message":"GOOS: windows, GOVersion: go1.26.4, GoArch: amd64"}
{"level":"info","time":"2026-08-16T14:21:20Z","message":"Settings: map[ha-connections:1 logfile:C:\\repos\\bem-hub\\.local\\tunnels\\wuzapi-20260816-112113.log protocol:quic url:http://localhost:8081]"}
{"level":"info","time":"2026-08-16T14:21:20Z","message":"cloudflared will not automatically update on Windows systems."}
{"level":"info","time":"2026-08-16T14:21:20Z","message":"Generated Connector ID: f4d5f4f6-997b-47f1-b32c-935ffd594983"}
{"level":"info","time":"2026-08-16T14:21:20Z","message":"Initial protocol quic"}
{"level":"info","time":"2026-08-16T14:21:20Z","message":"ICMP proxy will use 192.168.1.9 as source for IPv4"}
{"level":"info","time":"2026-08-16T14:21:20Z","message":"ICMP proxy will use 2804:d41:fec5:d600:b9bc:f2b1:fe55:7cf4 in zone Wi-Fi as source for IPv6"}
{"level":"info","time":"2026-08-16T14:21:20Z","message":"cloudflared does not support loading the system root certificate pool on Windows. Please use --origin-ca-pool <PATH> to specify the path to the certificate pool"}
{"level":"info","time":"2026-08-16T14:21:20Z","message":"ICMP proxy will use 192.168.1.9 as source for IPv4"}
{"level":"info","event":0,"ip":"2606:4700:a0::10","connIndex":0,"time":"2026-08-16T14:21:20Z","message":"Tunnel connection curve preferences: [X25519MLKEM768 CurveID(65074) CurveP256]"}
{"level":"info","time":"2026-08-16T14:21:20Z","message":"ICMP proxy will use 2804:d41:fec5:d600:b9bc:f2b1:fe55:7cf4 in zone Wi-Fi as source for IPv6"}
{"level":"info","time":"2026-08-16T14:21:20Z","message":"Starting metrics server on 127.0.0.1:20241/metrics"}
{"level":"info","time":"2026-08-16T14:21:20Z","message":"+-------------------------------------------------------------------------------------+"}
{"level":"info","time":"2026-08-16T14:21:20Z","message":"|                               CONNECTIVITY PRE-CHECKS                               |"}
{"level":"info","time":"2026-08-16T14:21:20Z","message":"+-------------------------------------------------------------------------------------+"}
{"level":"info","time":"2026-08-16T14:21:20Z","message":"|  COMPONENT         TARGET                     STATUS  DETAILS                       |"}
{"level":"info","time":"2026-08-16T14:21:20Z","message":"|  DNS Resolution    region1.v2.argotunnel.com  PASS    DNS Resolved successfully     |"}
{"level":"info","time":"2026-08-16T14:21:20Z","message":"|  DNS Resolution    region2.v2.argotunnel.com  PASS    DNS Resolved successfully     |"}
{"level":"info","time":"2026-08-16T14:21:20Z","message":"|  UDP Connectivity  region1.v2.argotunnel.com  PASS    QUIC connection successful    |"}
{"level":"info","time":"2026-08-16T14:21:20Z","message":"|  UDP Connectivity  region2.v2.argotunnel.com  PASS    QUIC connection successful    |"}
{"level":"info","time":"2026-08-16T14:21:20Z","message":"|  TCP Connectivity  region1.v2.argotunnel.com  PASS    HTTP/2 connection successful  |"}
{"level":"info","time":"2026-08-16T14:21:20Z","message":"|  TCP Connectivity  region2.v2.argotunnel.com  PASS    HTTP/2 connection successful  |"}
{"level":"info","time":"2026-08-16T14:21:20Z","message":"|  Cloudflare API    api.cloudflare.com:443     PASS    API is reachable              |"}
{"level":"info","time":"2026-08-16T14:21:20Z","message":"|                                                                                     |"}
{"level":"info","time":"2026-08-16T14:21:20Z","message":"|  SUMMARY: Environment is healthy. cloudflared will use 'quic' as primary protocol.  |"}
{"level":"info","time":"2026-08-16T14:21:20Z","message":"+-------------------------------------------------------------------------------------+"}
{"level":"info","run_id":"cb94086d-024b-418b-ac19-eeeac3204b80","component":"DNS Resolution","target":"region1.v2.argotunnel.com","status":"pass","details":"DNS Resolved successfully","time":"2026-08-16T14:21:20Z","message":"precheck"}
{"level":"info","run_id":"cb94086d-024b-418b-ac19-eeeac3204b80","component":"DNS Resolution","target":"region2.v2.argotunnel.com","status":"pass","details":"DNS Resolved successfully","time":"2026-08-16T14:21:20Z","message":"precheck"}
{"level":"info","run_id":"cb94086d-024b-418b-ac19-eeeac3204b80","component":"UDP Connectivity","target":"region1.v2.argotunnel.com","status":"pass","details":"QUIC connection successful","time":"2026-08-16T14:21:20Z","message":"precheck"}
{"level":"info","run_id":"cb94086d-024b-418b-ac19-eeeac3204b80","component":"UDP Connectivity","target":"region2.v2.argotunnel.com","status":"pass","details":"QUIC connection successful","time":"2026-08-16T14:21:20Z","message":"precheck"}
{"level":"info","run_id":"cb94086d-024b-418b-ac19-eeeac3204b80","component":"TCP Connectivity","target":"region1.v2.argotunnel.com","status":"pass","details":"HTTP/2 connection successful","time":"2026-08-16T14:21:20Z","message":"precheck"}
{"level":"info","run_id":"cb94086d-024b-418b-ac19-eeeac3204b80","component":"TCP Connectivity","target":"region2.v2.argotunnel.com","status":"pass","details":"HTTP/2 connection successful","time":"2026-08-16T14:21:20Z","message":"precheck"}
{"level":"info","run_id":"cb94086d-024b-418b-ac19-eeeac3204b80","component":"Cloudflare API","target":"api.cloudflare.com:443","status":"pass","details":"API is reachable","time":"2026-08-16T14:21:20Z","message":"precheck"}
{"level":"info","run_id":"cb94086d-024b-418b-ac19-eeeac3204b80","hard_fail":false,"suggested_protocol":"quic","time":"2026-08-16T14:21:20Z","message":"precheck complete"}
{"level":"info","event":0,"connection":"93739d05-a7cc-45e6-9ecb-4112c7b74f52","connIndex":0,"location":"gig11","ip":"2606:4700:a0::10","protocol":"quic","time":"2026-08-16T14:21:21Z","message":"Registered tunnel connection"}
{"level":"error","event":0,"ip":"2606:4700:a0::10","connIndex":0,"error":"failed to accept QUIC stream: timeout: no recent network activity","time":"2026-08-16T14:34:42Z","message":"failed to accept incoming stream requests"}
{"level":"error","event":0,"ip":"2606:4700:a0::10","connIndex":0,"error":"timeout: no recent network activity","time":"2026-08-16T14:34:42Z","message":"failed to run the datagram handler"}
{"level":"error","event":0,"ip":"2606:4700:a0::10","connIndex":0,"error":"accept stream listener encountered a failure while serving","time":"2026-08-16T14:34:42Z","message":"failed to serve tunnel connection"}
{"level":"error","event":0,"ip":"2606:4700:a0::10","connIndex":0,"error":"accept stream listener encountered a failure while serving","time":"2026-08-16T14:34:42Z","message":"Serve tunnel error"}
{"level":"info","event":0,"ip":"2606:4700:a0::10","connIndex":0,"time":"2026-08-16T14:34:42Z","message":"Retrying connection in up to 1s"}
{"level":"info","event":0,"ip":"2606:4700:a0::10","connIndex":0,"time":"2026-08-16T14:34:42Z","message":"Tunnel connection curve preferences: [X25519MLKEM768 CurveID(65074) CurveP256]"}
{"level":"error","event":0,"ip":"2606:4700:a0::10","connIndex":0,"error":"failed to dial to edge with quic: timeout: no recent network activity","time":"2026-08-16T14:34:47Z","message":"Failed to dial a quic connection"}
{"level":"info","event":0,"ip":"2606:4700:a0::10","connIndex":0,"time":"2026-08-16T14:34:48Z","message":"Retrying connection in up to 4s"}
{"level":"info","event":0,"ip":"198.41.192.7","connIndex":0,"time":"2026-08-16T14:34:49Z","message":"Tunnel connection curve preferences: [X25519MLKEM768 CurveID(65074) CurveP256]"}
{"level":"error","event":0,"ip":"198.41.192.7","connIndex":0,"error":"failed to dial to edge with quic: timeout: no recent network activity","time":"2026-08-16T14:34:54Z","message":"Failed to dial a quic connection"}
{"level":"info","event":0,"ip":"198.41.192.7","connIndex":0,"time":"2026-08-16T14:34:54Z","message":"Retrying connection in up to 8s"}
{"level":"info","event":0,"ip":"2606:4700:a8::3","connIndex":0,"time":"2026-08-16T14:34:56Z","message":"Tunnel connection curve preferences: [X25519MLKEM768 CurveID(65074) CurveP256]"}
{"level":"info","event":0,"connection":"df88710d-b38c-4af8-a699-7cf637cf0497","connIndex":0,"location":"gig09","ip":"2606:4700:a8::3","protocol":"quic","time":"2026-08-16T14:34:56Z","message":"Registered tunnel connection"}
{"level":"error","error":"no release found","time":"2026-08-17T14:21:20Z","message":"update check failed"}
{"level":"error","event":0,"ip":"2606:4700:a8::3","connIndex":0,"error":"failed to accept QUIC stream: timeout: no recent network activity","time":"2026-08-17T18:03:18Z","message":"failed to accept incoming stream requests"}
{"level":"error","event":0,"ip":"2606:4700:a8::3","connIndex":0,"error":"timeout: no recent network activity","time":"2026-08-17T18:03:18Z","message":"failed to run the datagram handler"}
{"level":"error","event":0,"ip":"2606:4700:a8::3","connIndex":0,"error":"accept stream listener encountered a failure while serving","time":"2026-08-17T18:03:18Z","message":"failed to serve tunnel connection"}
{"level":"error","event":0,"ip":"2606:4700:a8::3","connIndex":0,"error":"accept stream listener encountered a failure while serving","time":"2026-08-17T18:03:18Z","message":"Serve tunnel error"}
{"level":"info","event":0,"ip":"2606:4700:a8::3","connIndex":0,"time":"2026-08-17T18:03:18Z","message":"Retrying connection in up to 1s"}
{"level":"info","event":0,"ip":"2606:4700:a8::3","connIndex":0,"time":"2026-08-17T18:03:18Z","message":"Tunnel connection curve preferences: [X25519MLKEM768 CurveID(65074) CurveP256]"}
{"level":"error","event":0,"ip":"2606:4700:a8::3","connIndex":0,"error":"failed to dial to edge with quic: timeout: no recent network activity","time":"2026-08-17T18:03:23Z","message":"Failed to dial a quic connection"}
{"level":"info","event":0,"ip":"2606:4700:a8::3","connIndex":0,"time":"2026-08-17T18:03:23Z","message":"Retrying connection in up to 4s"}
{"level":"info","event":0,"ip":"2606:4700:a0::4","connIndex":0,"time":"2026-08-17T18:03:24Z","message":"Tunnel connection curve preferences: [X25519MLKEM768 CurveID(65074) CurveP256]"}
{"level":"info","event":0,"connection":"3e554d8b-3657-4e56-836f-8042a80bbe3e","connIndex":0,"location":"gig11","ip":"2606:4700:a0::4","protocol":"quic","time":"2026-08-17T18:03:28Z","message":"Registered tunnel connection"}
