2026-08-09T15:13:45Z INF Thank you for trying Cloudflare Tunnel. Doing so, without a Cloudflare account, is a quick way to experiment and try it out. However, be aware that these account-less Tunnels have no uptime guarantee, are subject to the Cloudflare Online Services Terms of Use (https://www.cloudflare.com/website-terms/), and Cloudflare reserves the right to investigate your use of Tunnels for violations of such terms. If you intend to use Tunnels in production you should use a pre-created named tunnel by following: https://developers.cloudflare.com/cloudflare-one/connections/connect-apps
2026-08-09T15:13:45Z INF Requesting new quick Tunnel on trycloudflare.com...
2026-08-09T15:13:50Z INF +--------------------------------------------------------------------------------------------+
2026-08-09T15:13:50Z INF |  Your quick Tunnel has been created! Visit it at (it may take some time to be reachable):  |
2026-08-09T15:13:50Z INF |  https://bachelor-suddenly-temporarily-rap.trycloudflare.com                               |
2026-08-09T15:13:50Z INF +--------------------------------------------------------------------------------------------+
2026-08-09T15:13:50Z INF Cannot determine default configuration path. No file [config.yml config.yaml] in [~/.cloudflared ~/.cloudflare-warp ~/cloudflare-warp]
2026-08-09T15:13:50Z INF Version 2026.7.3 (Checksum 8635da433b6df8194746e88ed9d2589566c20e38bfc2a80e431a348b7c765841)
2026-08-09T15:13:50Z INF GOOS: windows, GOVersion: go1.26.4, GoArch: amd64
2026-08-09T15:13:50Z INF Settings: map[ha-connections:1 no-autoupdate:true protocol:quic url:http://127.0.0.1:8081]
2026-08-09T15:13:50Z INF cloudflared will not automatically update on Windows systems.
2026-08-09T15:13:50Z INF Generated Connector ID: 51751428-989c-4da5-b560-943023a409db
2026-08-09T15:13:50Z INF Initial protocol quic
2026-08-09T15:13:50Z INF ICMP proxy will use 192.168.1.9 as source for IPv4
2026-08-09T15:13:50Z INF ICMP proxy will use 2804:d41:fec5:d600:b9bc:f2b1:fe55:7cf4 in zone Wi-Fi as source for IPv6
2026-08-09T15:13:50Z INF cloudflared does not support loading the system root certificate pool on Windows. Please use --origin-ca-pool <PATH> to specify the path to the certificate pool
2026-08-09T15:13:50Z INF ICMP proxy will use 192.168.1.9 as source for IPv4
2026-08-09T15:13:50Z INF Tunnel connection curve preferences: [X25519MLKEM768 CurveID(65074) CurveP256] connIndex=0 event=0 ip=2606:4700:a8::9
2026-08-09T15:13:50Z INF ICMP proxy will use 2804:d41:fec5:d600:b9bc:f2b1:fe55:7cf4 in zone Wi-Fi as source for IPv6
2026-08-09T15:13:50Z INF Starting metrics server on 127.0.0.1:20241/metrics
2026-08-09T15:13:50Z INF +-------------------------------------------------------------------------------------+
2026-08-09T15:13:50Z INF |                               CONNECTIVITY PRE-CHECKS                               |
2026-08-09T15:13:50Z INF +-------------------------------------------------------------------------------------+
2026-08-09T15:13:50Z INF |  COMPONENT         TARGET                     STATUS  DETAILS                       |
2026-08-09T15:13:50Z INF |  DNS Resolution    region1.v2.argotunnel.com  PASS    DNS Resolved successfully     |
2026-08-09T15:13:50Z INF |  DNS Resolution    region2.v2.argotunnel.com  PASS    DNS Resolved successfully     |
2026-08-09T15:13:50Z INF |  UDP Connectivity  region1.v2.argotunnel.com  PASS    QUIC connection successful    |
2026-08-09T15:13:50Z INF |  UDP Connectivity  region2.v2.argotunnel.com  PASS    QUIC connection successful    |
2026-08-09T15:13:50Z INF |  TCP Connectivity  region1.v2.argotunnel.com  PASS    HTTP/2 connection successful  |
2026-08-09T15:13:50Z INF |  TCP Connectivity  region2.v2.argotunnel.com  PASS    HTTP/2 connection successful  |
2026-08-09T15:13:50Z INF |  Cloudflare API    api.cloudflare.com:443     PASS    API is reachable              |
2026-08-09T15:13:50Z INF |                                                                                     |
2026-08-09T15:13:50Z INF |  SUMMARY: Environment is healthy. cloudflared will use 'quic' as primary protocol.  |
2026-08-09T15:13:50Z INF +-------------------------------------------------------------------------------------+
2026-08-09T15:13:50Z INF precheck component="DNS Resolution" details="DNS Resolved successfully" run_id=7fafd7b3-01d2-43a0-a4c2-86f07ca341db status=pass target=region1.v2.argotunnel.com
2026-08-09T15:13:50Z INF precheck component="DNS Resolution" details="DNS Resolved successfully" run_id=7fafd7b3-01d2-43a0-a4c2-86f07ca341db status=pass target=region2.v2.argotunnel.com
2026-08-09T15:13:50Z INF precheck component="UDP Connectivity" details="QUIC connection successful" run_id=7fafd7b3-01d2-43a0-a4c2-86f07ca341db status=pass target=region1.v2.argotunnel.com
2026-08-09T15:13:50Z INF precheck component="UDP Connectivity" details="QUIC connection successful" run_id=7fafd7b3-01d2-43a0-a4c2-86f07ca341db status=pass target=region2.v2.argotunnel.com
2026-08-09T15:13:50Z INF precheck component="TCP Connectivity" details="HTTP/2 connection successful" run_id=7fafd7b3-01d2-43a0-a4c2-86f07ca341db status=pass target=region1.v2.argotunnel.com
2026-08-09T15:13:50Z INF precheck component="TCP Connectivity" details="HTTP/2 connection successful" run_id=7fafd7b3-01d2-43a0-a4c2-86f07ca341db status=pass target=region2.v2.argotunnel.com
2026-08-09T15:13:50Z INF precheck component="Cloudflare API" details="API is reachable" run_id=7fafd7b3-01d2-43a0-a4c2-86f07ca341db status=pass target=api.cloudflare.com:443
2026-08-09T15:13:50Z INF precheck complete hard_fail=false run_id=7fafd7b3-01d2-43a0-a4c2-86f07ca341db suggested_protocol=quic
2026-08-09T15:13:51Z INF Registered tunnel connection connIndex=0 connection=953b27bd-45db-4089-9c7b-cab8972fa593 event=0 ip=2606:4700:a8::9 location=gig09 protocol=quic
2026-08-09T19:45:55Z ERR failed to accept incoming stream requests error="failed to accept QUIC stream: timeout: no recent network activity" connIndex=0 event=0 ip=2606:4700:a8::9
2026-08-09T19:45:55Z ERR failed to run the datagram handler error="timeout: no recent network activity" connIndex=0 event=0 ip=2606:4700:a8::9
2026-08-09T19:45:55Z ERR failed to serve tunnel connection error="accept stream listener encountered a failure while serving" connIndex=0 event=0 ip=2606:4700:a8::9
2026-08-09T19:45:55Z ERR Serve tunnel error error="accept stream listener encountered a failure while serving" connIndex=0 event=0 ip=2606:4700:a8::9
2026-08-09T19:45:55Z INF Retrying connection in up to 1s connIndex=0 event=0 ip=2606:4700:a8::9
2026-08-09T19:45:57Z INF Tunnel connection curve preferences: [X25519MLKEM768 CurveID(65074) CurveP256] connIndex=0 event=0 ip=2606:4700:a8::9
2026-08-09T19:45:57Z INF Registered tunnel connection connIndex=0 connection=d47780d7-043b-44af-afde-deb5e33a1c5a event=0 ip=2606:4700:a8::9 location=gig09 protocol=quic
2026-08-11T04:08:46Z ERR failed to accept incoming stream requests error="failed to accept QUIC stream: timeout: no recent network activity" connIndex=0 event=0 ip=2606:4700:a8::9
2026-08-11T04:08:46Z ERR failed to run the datagram handler error="timeout: no recent network activity" connIndex=0 event=0 ip=2606:4700:a8::9
2026-08-11T04:08:46Z ERR failed to serve tunnel connection error="accept stream listener encountered a failure while serving" connIndex=0 event=0 ip=2606:4700:a8::9
2026-08-11T04:08:46Z ERR Serve tunnel error error="accept stream listener encountered a failure while serving" connIndex=0 event=0 ip=2606:4700:a8::9
2026-08-11T04:08:46Z INF Retrying connection in up to 1s connIndex=0 event=0 ip=2606:4700:a8::9
2026-08-11T04:08:47Z INF Tunnel connection curve preferences: [X25519MLKEM768 CurveID(65074) CurveP256] connIndex=0 event=0 ip=2606:4700:a8::9
2026-08-11T04:08:48Z INF Registered tunnel connection connIndex=0 connection=62a98db6-163e-4d82-ac59-5879b001b7b8 event=0 ip=2606:4700:a8::9 location=gru18 protocol=quic
2026-08-11T04:09:01Z ERR failed to run the datagram handler error="timeout: no recent network activity" connIndex=0 event=0 ip=2606:4700:a8::9
2026-08-11T04:09:01Z ERR failed to accept incoming stream requests error="failed to accept QUIC stream: timeout: no recent network activity" connIndex=0 event=0 ip=2606:4700:a8::9
2026-08-11T04:09:01Z ERR failed to serve tunnel connection error="datagram manager encountered a failure while serving" connIndex=0 event=0 ip=2606:4700:a8::9
2026-08-11T04:09:01Z ERR Serve tunnel error error="datagram manager encountered a failure while serving" connIndex=0 event=0 ip=2606:4700:a8::9
2026-08-11T04:09:01Z INF Retrying connection in up to 1s connIndex=0 event=0 ip=2606:4700:a8::9
2026-08-11T04:09:01Z INF Tunnel connection curve preferences: [X25519MLKEM768 CurveID(65074) CurveP256] connIndex=0 event=0 ip=2606:4700:a8::9
2026-08-11T04:09:06Z ERR Failed to dial a quic connection error="failed to dial to edge with quic: timeout: no recent network activity" connIndex=0 event=0 ip=2606:4700:a8::9
2026-08-11T04:09:06Z INF Retrying connection in up to 4s connIndex=0 event=0 ip=2606:4700:a8::9
2026-08-11T04:09:09Z INF Tunnel connection curve preferences: [X25519MLKEM768 CurveID(65074) CurveP256] connIndex=0 event=0 ip=198.41.200.73
2026-08-11T04:09:14Z ERR Failed to dial a quic connection error="failed to dial to edge with quic: timeout: no recent network activity" connIndex=0 event=0 ip=198.41.200.73
2026-08-11T04:09:14Z INF Retrying connection in up to 8s connIndex=0 event=0 ip=198.41.200.73
2026-08-11T04:09:19Z INF Tunnel connection curve preferences: [X25519MLKEM768 CurveID(65074) CurveP256] connIndex=0 event=0 ip=2606:4700:a0::6
2026-08-11T04:09:24Z ERR Failed to dial a quic connection error="failed to dial to edge with quic: timeout: no recent network activity" connIndex=0 event=0 ip=2606:4700:a0::6
2026-08-11T04:09:24Z INF Retrying connection in up to 16s connIndex=0 event=0 ip=2606:4700:a0::6
2026-08-11T04:09:38Z INF Tunnel connection curve preferences: [X25519MLKEM768 CurveID(65074) CurveP256] connIndex=0 event=0 ip=2606:4700:a8::4
2026-08-11T04:09:43Z ERR Failed to dial a quic connection error="failed to dial to edge with quic: timeout: no recent network activity" connIndex=0 event=0 ip=2606:4700:a8::4
2026-08-11T04:09:43Z INF Retrying connection in up to 32s connIndex=0 event=0 ip=2606:4700:a8::4
2026-08-11T04:10:09Z INF Tunnel connection curve preferences: [X25519MLKEM768 CurveID(65074) CurveP256] connIndex=0 event=0 ip=198.41.200.23
2026-08-11T04:10:09Z INF Registered tunnel connection connIndex=0 connection=c4041236-fcea-4bb9-934c-6d51f137cbc4 event=0 ip=198.41.200.23 location=gig09 protocol=quic
2026-08-12T04:38:35Z INF Initiating graceful shutdown due to signal terminated ...
2026-08-12T04:38:36Z ERR failed to run the datagram handler error="Application error 0x0 (remote)" connIndex=0 event=0 ip=198.41.200.23
2026-08-12T04:38:36Z ERR failed to serve tunnel connection error="accept stream listener encountered a failure while serving" connIndex=0 event=0 ip=198.41.200.23
2026-08-12T04:38:36Z ERR Serve tunnel error error="accept stream listener encountered a failure while serving" connIndex=0 event=0 ip=198.41.200.23
2026-08-12T04:38:36Z INF Retrying connection in up to 1s connIndex=0 event=0 ip=198.41.200.23
2026-08-12T04:38:36Z ERR Connection terminated connIndex=0
2026-08-12T04:38:36Z ERR no more connections active and exiting
2026-08-12T04:38:36Z INF Tunnel server stopped
2026-08-12T04:38:36Z INF Metrics server stopped
